Downloading Chromium 120.0.6099.28 (playwright build v1091)[2m from https://playwright.azureedge.net/builds/chromium/1091/chromium-linux.zip[22m
|                                                                                |   0% of 153.1 Mb
|■■■■■■■■                                                                        |  10% of 153.1 Mb
|■■■■■■■■■■■■■■■■                                                                |  20% of 153.1 Mb
|■■■■■■■■■■■■■■■■■■■■■■■■                                                        |  30% of 153.1 Mb
|■■■■■■■■■■■■■■■■■■■■■■■■■■■■■■■■                                                |  40% of 153.1 Mb
|■■■■■■■■■■■■■■■■■■■■■■■■■■■■■■■■■■■■■■■■                                        |  50% of 153.1 Mb
|■■■■■■■■■■■■■■■■■■■■■■■■■■■■■■■■■■■■■■■■■■■■■■■■                                |  60% of 153.1 Mb
|■■■■■■■■■■■■■■■■■■■■■■■■■■■■■■■■■■■■■■■■■■■■■■■■■■■■■■■■                        |  70% of 153.1 Mb
|■■■■■■■■■■■■■■■■■■■■■■■■■■■■■■■■■■■■■■■■■■■■■■■■■■■■■■■■■■■■■■■■                |  80% of 153.1 Mb
|■■■■■■■■■■■■■■■■■■■■■■■■■■■■■■■■■■■■■■■■■■■■■■■■■■■■■■■■■■■■■■■■■■■■■■■■        |  90% of 153.1 Mb
|■■■■■■■■■■■■■■■■■■■■■■■■■■■■■■■■■■■■■■■■■■■■■■■■■■■■■■■■■■■■■■■■■■■■■■■■■■■■■■■■| 100% of 153.1 Mb
Chromium 120.0.6099.28 (playwright build v1091) downloaded to /home/jules/.cache/ms-playwright/chromium-1091
Downloading FFMPEG playwright build v1009[2m from https://playwright.azureedge.net/builds/ffmpeg/1009/ffmpeg-linux.zip[22m
|                                                                                |   0% of 2.6 Mb
|■■■■■■■■                                                                        |  10% of 2.6 Mb
|■■■■■■■■■■■■■■■■                                                                |  20% of 2.6 Mb
|■■■■■■■■■■■■■■■■■■■■■■■■                                                        |  30% of 2.6 Mb
|■■■■■■■■■■■■■■■■■■■■■■■■■■■■■■■■                                                |  40% of 2.6 Mb
|■■■■■■■■■■■■■■■■■■■■■■■■■■■■■■■■■■■■■■■■                                        |  50% of 2.6 Mb
|■■■■■■■■■■■■■■■■■■■■■■■■■■■■■■■■■■■■■■■■■■■■■■■■                                |  60% of 2.6 Mb
|■■■■■■■■■■■■■■■■■■■■■■■■■■■■■■■■■■■■■■■■■■■■■■■■■■■■■■■■                        |  70% of 2.6 Mb
|■■■■■■■■■■■■■■■■■■■■■■■■■■■■■■■■■■■■■■■■■■■■■■■■■■■■■■■■■■■■■■■■                |  80% of 2.6 Mb
|■■■■■■■■■■■■■■■■■■■■■■■■■■■■■■■■■■■■■■■■■■■■■■■■■■■■■■■■■■■■■■■■■■■■■■■■        |  90% of 2.6 Mb
|■■■■■■■■■■■■■■■■■■■■■■■■■■■■■■■■■■■■■■■■■■■■■■■■■■■■■■■■■■■■■■■■■■■■■■■■■■■■■■■■| 100% of 2.6 Mb
FFMPEG playwright build v1009 downloaded to /home/jules/.cache/ms-playwright/ffmpeg-1009
