Lockfile is up to date, resolution step is skipped
Progress: resolved 1, reused 0, downloaded 0, added 0
Packages: +817
++++++++++++++++++++++++++++++++++++++++++++++++++++++++++++++++++++++++++++++++

   ╭──────────────────────────────────────────╮
   │                                          │
   │   Update available! 10.28.0 → 10.28.2.   │
   │   Changelog: https://pnpm.io/v/10.28.2   │
   │     To update, run: pnpm add -g pnpm     │
   │                                          │
   ╰──────────────────────────────────────────╯

Progress: resolved 817, reused 0, downloaded 27, added 5
Progress: resolved 817, reused 0, downloaded 114, added 80
Progress: resolved 817, reused 0, downloaded 191, added 113
Progress: resolved 817, reused 0, downloaded 340, added 201
Progress: resolved 817, reused 0, downloaded 525, added 349
Progress: resolved 817, reused 0, downloaded 644, added 429
Progress: resolved 817, reused 0, downloaded 816, added 795
Progress: resolved 817, reused 0, downloaded 817, added 817, done
╭ Warning ─────────────────────────────────────────────────────────────────────╮
│                                                                              │
│   Ignored build scripts: esbuild@0.18.20, esbuild@0.19.11.                   │
│   Run "pnpm approve-builds" to pick which dependencies should be allowed     │
│   to run scripts.                                                            │
│                                                                              │
╰──────────────────────────────────────────────────────────────────────────────╯
Done in 10.1s using pnpm v10.28.0
